  Determining projects to restore...
  All projects are up-to-date for restore.
C:\Program Files\dotnet\sdk\10.0.103\Microsoft.Common.CurrentVersion.targets(5381,5): warning MSB3026: Could not copy "D:\6th_SEM_BTECH\.NET\LUXURY_DRIVE\obj\Debug\net10.0\apphost.exe" to "bin\Debug\net10.0\LUXURY_DRIVE.exe". Beginning retry 1 in 1000ms. The process cannot access the file 'D:\6th_SEM_BTECH\.NET\LUXURY_DRIVE\bin\Debug\net10.0\LUXURY_DRIVE.exe' because it is being used by another process. The file is locked by: "LUXURY_DRIVE (17716)" [D:\6th_SEM_BTECH\.NET\LUXURY_DRIVE\LUXURY_DRIVE.csproj]
C:\Program Files\dotnet\sdk\10.0.103\Microsoft.Common.CurrentVersion.targets(5381,5): warning MSB3026: Could not copy "D:\6th_SEM_BTECH\.NET\LUXURY_DRIVE\obj\Debug\net10.0\apphost.exe" to "bin\Debug\net10.0\LUXURY_DRIVE.exe". Beginning retry 2 in 1000ms. The process cannot access the file 'D:\6th_SEM_BTECH\.NET\LUXURY_DRIVE\bin\Debug\net10.0\LUXURY_DRIVE.exe' because it is being used by another process. The file is locked by: "LUXURY_DRIVE (17716)" [D:\6th_SEM_BTECH\.NET\LUXURY_DRIVE\LUXURY_DRIVE.csproj]
C:\Program Files\dotnet\sdk\10.0.103\Microsoft.Common.CurrentVersion.targets(5381,5): warning MSB3026: Could not copy "D:\6th_SEM_BTECH\.NET\LUXURY_DRIVE\obj\Debug\net10.0\apphost.exe" to "bin\Debug\net10.0\LUXURY_DRIVE.exe". Beginning retry 3 in 1000ms. The process cannot access the file 'D:\6th_SEM_BTECH\.NET\LUXURY_DRIVE\bin\Debug\net10.0\LUXURY_DRIVE.exe' because it is being used by another process. The file is locked by: "LUXURY_DRIVE (17716)" [D:\6th_SEM_BTECH\.NET\LUXURY_DRIVE\LUXURY_DRIVE.csproj]
C:\Program Files\dotnet\sdk\10.0.103\Microsoft.Common.CurrentVersion.targets(5381,5): warning MSB3026: Could not copy "D:\6th_SEM_BTECH\.NET\LUXURY_DRIVE\obj\Debug\net10.0\apphost.exe" to "bin\Debug\net10.0\LUXURY_DRIVE.exe". Beginning retry 4 in 1000ms. The process cannot access the file 'D:\6th_SEM_BTECH\.NET\LUXURY_DRIVE\bin\Debug\net10.0\LUXURY_DRIVE.exe' because it is being used by another process. The file is locked by: "LUXURY_DRIVE (17716)" [D:\6th_SEM_BTECH\.NET\LUXURY_DRIVE\LUXURY_DRIVE.csproj]
C:\Program Files\dotnet\sdk\10.0.103\Microsoft.Common.CurrentVersion.targets(5381,5): warning MSB3026: Could not copy "D:\6th_SEM_BTECH\.NET\LUXURY_DRIVE\obj\Debug\net10.0\apphost.exe" to "bin\Debug\net10.0\LUXURY_DRIVE.exe". Beginning retry 5 in 1000ms. The process cannot access the file 'D:\6th_SEM_BTECH\.NET\LUXURY_DRIVE\bin\Debug\net10.0\LUXURY_DRIVE.exe' because it is being used by another process. The file is locked by: "LUXURY_DRIVE (17716)" [D:\6th_SEM_BTECH\.NET\LUXURY_DRIVE\LUXURY_DRIVE.csproj]
C:\Program Files\dotnet\sdk\10.0.103\Microsoft.Common.CurrentVersion.targets(5381,5): warning MSB3026: Could not copy "D:\6th_SEM_BTECH\.NET\LUXURY_DRIVE\obj\Debug\net10.0\apphost.exe" to "bin\Debug\net10.0\LUXURY_DRIVE.exe". Beginning retry 6 in 1000ms. The process cannot access the file 'D:\6th_SEM_BTECH\.NET\LUXURY_DRIVE\bin\Debug\net10.0\LUXURY_DRIVE.exe' because it is being used by another process. The file is locked by: "LUXURY_DRIVE (17716)" [D:\6th_SEM_BTECH\.NET\LUXURY_DRIVE\LUXURY_DRIVE.csproj]
C:\Program Files\dotnet\sdk\10.0.103\Microsoft.Common.CurrentVersion.targets(5381,5): warning MSB3026: Could not copy "D:\6th_SEM_BTECH\.NET\LUXURY_DRIVE\obj\Debug\net10.0\apphost.exe" to "bin\Debug\net10.0\LUXURY_DRIVE.exe". Beginning retry 7 in 1000ms. The process cannot access the file 'D:\6th_SEM_BTECH\.NET\LUXURY_DRIVE\bin\Debug\net10.0\LUXURY_DRIVE.exe' because it is being used by another process. The file is locked by: "LUXURY_DRIVE (17716)" [D:\6th_SEM_BTECH\.NET\LUXURY_DRIVE\LUXURY_DRIVE.csproj]
C:\Program Files\dotnet\sdk\10.0.103\Microsoft.Common.CurrentVersion.targets(5381,5): warning MSB3026: Could not copy "D:\6th_SEM_BTECH\.NET\LUXURY_DRIVE\obj\Debug\net10.0\apphost.exe" to "bin\Debug\net10.0\LUXURY_DRIVE.exe". Beginning retry 8 in 1000ms. The process cannot access the file 'D:\6th_SEM_BTECH\.NET\LUXURY_DRIVE\bin\Debug\net10.0\LUXURY_DRIVE.exe' because it is being used by another process. The file is locked by: "LUXURY_DRIVE (17716)" [D:\6th_SEM_BTECH\.NET\LUXURY_DRIVE\LUXURY_DRIVE.csproj]
C:\Program Files\dotnet\sdk\10.0.103\Microsoft.Common.CurrentVersion.targets(5381,5): warning MSB3026: Could not copy "D:\6th_SEM_BTECH\.NET\LUXURY_DRIVE\obj\Debug\net10.0\apphost.exe" to "bin\Debug\net10.0\LUXURY_DRIVE.exe". Beginning retry 9 in 1000ms. The process cannot access the file 'D:\6th_SEM_BTECH\.NET\LUXURY_DRIVE\bin\Debug\net10.0\LUXURY_DRIVE.exe' because it is being used by another process. The file is locked by: "LUXURY_DRIVE (17716)" [D:\6th_SEM_BTECH\.NET\LUXURY_DRIVE\LUXURY_DRIVE.csproj]
C:\Program Files\dotnet\sdk\10.0.103\Microsoft.Common.CurrentVersion.targets(5381,5): warning MSB3026: Could not copy "D:\6th_SEM_BTECH\.NET\LUXURY_DRIVE\obj\Debug\net10.0\apphost.exe" to "bin\Debug\net10.0\LUXURY_DRIVE.exe". Beginning retry 10 in 1000ms. The process cannot access the file 'D:\6th_SEM_BTECH\.NET\LUXURY_DRIVE\bin\Debug\net10.0\LUXURY_DRIVE.exe' because it is being used by another process. The file is locked by: "LUXURY_DRIVE (17716)" [D:\6th_SEM_BTECH\.NET\LUXURY_DRIVE\LUXURY_DRIVE.csproj]
C:\Program Files\dotnet\sdk\10.0.103\Microsoft.Common.CurrentVersion.targets(5381,5): error MSB3027: Could not copy "D:\6th_SEM_BTECH\.NET\LUXURY_DRIVE\obj\Debug\net10.0\apphost.exe" to "bin\Debug\net10.0\LUXURY_DRIVE.exe". Exceeded retry count of 10. Failed. The file is locked by: "LUXURY_DRIVE (17716)" [D:\6th_SEM_BTECH\.NET\LUXURY_DRIVE\LUXURY_DRIVE.csproj]
C:\Program Files\dotnet\sdk\10.0.103\Microsoft.Common.CurrentVersion.targets(5381,5): error MSB3021: Unable to copy file "D:\6th_SEM_BTECH\.NET\LUXURY_DRIVE\obj\Debug\net10.0\apphost.exe" to "bin\Debug\net10.0\LUXURY_DRIVE.exe". The process cannot access the file 'D:\6th_SEM_BTECH\.NET\LUXURY_DRIVE\bin\Debug\net10.0\LUXURY_DRIVE.exe' because it is being used by another process. [D:\6th_SEM_BTECH\.NET\LUXURY_DRIVE\LUXURY_DRIVE.csproj]

Build FAILED.

C:\Program Files\dotnet\sdk\10.0.103\Microsoft.Common.CurrentVersion.targets(5381,5): warning MSB3026: Could not copy "D:\6th_SEM_BTECH\.NET\LUXURY_DRIVE\obj\Debug\net10.0\apphost.exe" to "bin\Debug\net10.0\LUXURY_DRIVE.exe". Beginning retry 1 in 1000ms. The process cannot access the file 'D:\6th_SEM_BTECH\.NET\LUXURY_DRIVE\bin\Debug\net10.0\LUXURY_DRIVE.exe' because it is being used by another process. The file is locked by: "LUXURY_DRIVE (17716)" [D:\6th_SEM_BTECH\.NET\LUXURY_DRIVE\LUXURY_DRIVE.csproj]
C:\Program Files\dotnet\sdk\10.0.103\Microsoft.Common.CurrentVersion.targets(5381,5): warning MSB3026: Could not copy "D:\6th_SEM_BTECH\.NET\LUXURY_DRIVE\obj\Debug\net10.0\apphost.exe" to "bin\Debug\net10.0\LUXURY_DRIVE.exe". Beginning retry 2 in 1000ms. The process cannot access the file 'D:\6th_SEM_BTECH\.NET\LUXURY_DRIVE\bin\Debug\net10.0\LUXURY_DRIVE.exe' because it is being used by another process. The file is locked by: "LUXURY_DRIVE (17716)" [D:\6th_SEM_BTECH\.NET\LUXURY_DRIVE\LUXURY_DRIVE.csproj]
C:\Program Files\dotnet\sdk\10.0.103\Microsoft.Common.CurrentVersion.targets(5381,5): warning MSB3026: Could not copy "D:\6th_SEM_BTECH\.NET\LUXURY_DRIVE\obj\Debug\net10.0\apphost.exe" to "bin\Debug\net10.0\LUXURY_DRIVE.exe". Beginning retry 3 in 1000ms. The process cannot access the file 'D:\6th_SEM_BTECH\.NET\LUXURY_DRIVE\bin\Debug\net10.0\LUXURY_DRIVE.exe' because it is being used by another process. The file is locked by: "LUXURY_DRIVE (17716)" [D:\6th_SEM_BTECH\.NET\LUXURY_DRIVE\LUXURY_DRIVE.csproj]
C:\Program Files\dotnet\sdk\10.0.103\Microsoft.Common.CurrentVersion.targets(5381,5): warning MSB3026: Could not copy "D:\6th_SEM_BTECH\.NET\LUXURY_DRIVE\obj\Debug\net10.0\apphost.exe" to "bin\Debug\net10.0\LUXURY_DRIVE.exe". Beginning retry 4 in 1000ms. The process cannot access the file 'D:\6th_SEM_BTECH\.NET\LUXURY_DRIVE\bin\Debug\net10.0\LUXURY_DRIVE.exe' because it is being used by another process. The file is locked by: "LUXURY_DRIVE (17716)" [D:\6th_SEM_BTECH\.NET\LUXURY_DRIVE\LUXURY_DRIVE.csproj]
C:\Program Files\dotnet\sdk\10.0.103\Microsoft.Common.CurrentVersion.targets(5381,5): warning MSB3026: Could not copy "D:\6th_SEM_BTECH\.NET\LUXURY_DRIVE\obj\Debug\net10.0\apphost.exe" to "bin\Debug\net10.0\LUXURY_DRIVE.exe". Beginning retry 5 in 1000ms. The process cannot access the file 'D:\6th_SEM_BTECH\.NET\LUXURY_DRIVE\bin\Debug\net10.0\LUXURY_DRIVE.exe' because it is being used by another process. The file is locked by: "LUXURY_DRIVE (17716)" [D:\6th_SEM_BTECH\.NET\LUXURY_DRIVE\LUXURY_DRIVE.csproj]
C:\Program Files\dotnet\sdk\10.0.103\Microsoft.Common.CurrentVersion.targets(5381,5): warning MSB3026: Could not copy "D:\6th_SEM_BTECH\.NET\LUXURY_DRIVE\obj\Debug\net10.0\apphost.exe" to "bin\Debug\net10.0\LUXURY_DRIVE.exe". Beginning retry 6 in 1000ms. The process cannot access the file 'D:\6th_SEM_BTECH\.NET\LUXURY_DRIVE\bin\Debug\net10.0\LUXURY_DRIVE.exe' because it is being used by another process. The file is locked by: "LUXURY_DRIVE (17716)" [D:\6th_SEM_BTECH\.NET\LUXURY_DRIVE\LUXURY_DRIVE.csproj]
C:\Program Files\dotnet\sdk\10.0.103\Microsoft.Common.CurrentVersion.targets(5381,5): warning MSB3026: Could not copy "D:\6th_SEM_BTECH\.NET\LUXURY_DRIVE\obj\Debug\net10.0\apphost.exe" to "bin\Debug\net10.0\LUXURY_DRIVE.exe". Beginning retry 7 in 1000ms. The process cannot access the file 'D:\6th_SEM_BTECH\.NET\LUXURY_DRIVE\bin\Debug\net10.0\LUXURY_DRIVE.exe' because it is being used by another process. The file is locked by: "LUXURY_DRIVE (17716)" [D:\6th_SEM_BTECH\.NET\LUXURY_DRIVE\LUXURY_DRIVE.csproj]
C:\Program Files\dotnet\sdk\10.0.103\Microsoft.Common.CurrentVersion.targets(5381,5): warning MSB3026: Could not copy "D:\6th_SEM_BTECH\.NET\LUXURY_DRIVE\obj\Debug\net10.0\apphost.exe" to "bin\Debug\net10.0\LUXURY_DRIVE.exe". Beginning retry 8 in 1000ms. The process cannot access the file 'D:\6th_SEM_BTECH\.NET\LUXURY_DRIVE\bin\Debug\net10.0\LUXURY_DRIVE.exe' because it is being used by another process. The file is locked by: "LUXURY_DRIVE (17716)" [D:\6th_SEM_BTECH\.NET\LUXURY_DRIVE\LUXURY_DRIVE.csproj]
C:\Program Files\dotnet\sdk\10.0.103\Microsoft.Common.CurrentVersion.targets(5381,5): warning MSB3026: Could not copy "D:\6th_SEM_BTECH\.NET\LUXURY_DRIVE\obj\Debug\net10.0\apphost.exe" to "bin\Debug\net10.0\LUXURY_DRIVE.exe". Beginning retry 9 in 1000ms. The process cannot access the file 'D:\6th_SEM_BTECH\.NET\LUXURY_DRIVE\bin\Debug\net10.0\LUXURY_DRIVE.exe' because it is being used by another process. The file is locked by: "LUXURY_DRIVE (17716)" [D:\6th_SEM_BTECH\.NET\LUXURY_DRIVE\LUXURY_DRIVE.csproj]
C:\Program Files\dotnet\sdk\10.0.103\Microsoft.Common.CurrentVersion.targets(5381,5): warning MSB3026: Could not copy "D:\6th_SEM_BTECH\.NET\LUXURY_DRIVE\obj\Debug\net10.0\apphost.exe" to "bin\Debug\net10.0\LUXURY_DRIVE.exe". Beginning retry 10 in 1000ms. The process cannot access the file 'D:\6th_SEM_BTECH\.NET\LUXURY_DRIVE\bin\Debug\net10.0\LUXURY_DRIVE.exe' because it is being used by another process. The file is locked by: "LUXURY_DRIVE (17716)" [D:\6th_SEM_BTECH\.NET\LUXURY_DRIVE\LUXURY_DRIVE.csproj]
C:\Program Files\dotnet\sdk\10.0.103\Microsoft.Common.CurrentVersion.targets(5381,5): error MSB3027: Could not copy "D:\6th_SEM_BTECH\.NET\LUXURY_DRIVE\obj\Debug\net10.0\apphost.exe" to "bin\Debug\net10.0\LUXURY_DRIVE.exe". Exceeded retry count of 10. Failed. The file is locked by: "LUXURY_DRIVE (17716)" [D:\6th_SEM_BTECH\.NET\LUXURY_DRIVE\LUXURY_DRIVE.csproj]
C:\Program Files\dotnet\sdk\10.0.103\Microsoft.Common.CurrentVersion.targets(5381,5): error MSB3021: Unable to copy file "D:\6th_SEM_BTECH\.NET\LUXURY_DRIVE\obj\Debug\net10.0\apphost.exe" to "bin\Debug\net10.0\LUXURY_DRIVE.exe". The process cannot access the file 'D:\6th_SEM_BTECH\.NET\LUXURY_DRIVE\bin\Debug\net10.0\LUXURY_DRIVE.exe' because it is being used by another process. [D:\6th_SEM_BTECH\.NET\LUXURY_DRIVE\LUXURY_DRIVE.csproj]
    10 Warning(s)
    2 Error(s)

Time Elapsed 00:00:12.25
